(program
  (let
    (nonrec)
    (datatypebind
      (datatype
        (tyvardecl MyMonoData (type))
        
        MyMonoData_match
        (vardecl MonoA (fun (con integer) (fun (con integer) MyMonoData)))
        (vardecl MonoB (fun (con integer) MyMonoData))
        (vardecl MonoC (fun (con integer) MyMonoData))
      )
    )
    MonoA
  )
)